stm32746g_discovery_lcd.c:159:9:BSP_LCD_Init	8	static
stm32746g_discovery_lcd.c:221:9:BSP_LCD_DeInit	8	static
stm32746g_discovery_lcd.c:242:10:BSP_LCD_GetXSize	4	static
stm32746g_discovery_lcd.c:251:10:BSP_LCD_GetYSize	4	static
stm32746g_discovery_lcd.c:261:6:BSP_LCD_SetXSize	16	static
stm32746g_discovery_lcd.c:271:6:BSP_LCD_SetYSize	16	static
stm32746g_discovery_lcd.c:282:6:BSP_LCD_LayerDefaultInit	72	static
stm32746g_discovery_lcd.c:316:6:BSP_LCD_LayerRgb565Init	72	static
stm32746g_discovery_lcd.c:349:6:BSP_LCD_SelectLayer	16	static
stm32746g_discovery_lcd.c:363:6:BSP_LCD_SetLayerVisible	16	static
stm32746g_discovery_lcd.c:385:6:BSP_LCD_SetLayerVisible_NoReload	16	static
stm32746g_discovery_lcd.c:405:6:BSP_LCD_SetTransparency	16	static
stm32746g_discovery_lcd.c:417:6:BSP_LCD_SetTransparency_NoReload	16	static
stm32746g_discovery_lcd.c:428:6:BSP_LCD_SetLayerAddress	16	static
stm32746g_discovery_lcd.c:439:6:BSP_LCD_SetLayerAddress_NoReload	16	static
stm32746g_discovery_lcd.c:453:6:BSP_LCD_SetLayerWindow	24	static
stm32746g_discovery_lcd.c:471:6:BSP_LCD_SetLayerWindow_NoReload	24	static
stm32746g_discovery_lcd.c:486:6:BSP_LCD_SetColorKeying	16	static
stm32746g_discovery_lcd.c:499:6:BSP_LCD_SetColorKeying_NoReload	16	static
stm32746g_discovery_lcd.c:511:6:BSP_LCD_ResetColorKeying	16	static
stm32746g_discovery_lcd.c:522:6:BSP_LCD_ResetColorKeying_NoReload	16	static
stm32746g_discovery_lcd.c:535:6:BSP_LCD_Reload	16	static
stm32746g_discovery_lcd.c:545:6:BSP_LCD_SetTextColor	16	static
stm32746g_discovery_lcd.c:554:10:BSP_LCD_GetTextColor	4	static
stm32746g_discovery_lcd.c:564:6:BSP_LCD_SetBackColor	16	static
stm32746g_discovery_lcd.c:573:10:BSP_LCD_GetBackColor	4	static
stm32746g_discovery_lcd.c:583:6:BSP_LCD_SetFont	16	static
stm32746g_discovery_lcd.c:592:8:BSP_LCD_GetFont	4	static
stm32746g_discovery_lcd.c:603:10:BSP_LCD_ReadPixel	32	static
stm32746g_discovery_lcd.c:638:6:BSP_LCD_Clear	40	static
stm32746g_discovery_lcd.c:649:6:BSP_LCD_ClearStringLine	32	static
stm32746g_discovery_lcd.c:669:6:BSP_LCD_DisplayChar	24	static
stm32746g_discovery_lcd.c:687:6:BSP_LCD_DisplayStringAt	48	static
stm32746g_discovery_lcd.c:748:6:BSP_LCD_DisplayStringAtLine	16	static
stm32746g_discovery_lcd.c:760:6:BSP_LCD_DrawHLine	40	static
stm32746g_discovery_lcd.c:785:6:BSP_LCD_DrawVLine	48	static
stm32746g_discovery_lcd.c:811:6:BSP_LCD_DrawLine	56	static
stm32746g_discovery_lcd.c:886:6:BSP_LCD_DrawRect	24	static
stm32746g_discovery_lcd.c:904:6:BSP_LCD_DrawCircle	40	static
stm32746g_discovery_lcd.c:951:6:BSP_LCD_DrawPolygon	32	static
stm32746g_discovery_lcd.c:979:6:BSP_LCD_DrawEllipse	64	static
stm32746g_discovery_lcd.c:1012:6:BSP_LCD_DrawPixel	24	static
stm32746g_discovery_lcd.c:1032:6:BSP_LCD_DrawBitmap	56	static
stm32746g_discovery_lcd.c:1090:6:BSP_LCD_FillRect	48	static
stm32746g_discovery_lcd.c:1117:6:BSP_LCD_FillCircle	32	static
stm32746g_discovery_lcd.c:1165:6:BSP_LCD_FillPolygon	64	static
stm32746g_discovery_lcd.c:1233:6:BSP_LCD_FillEllipse	56	static
stm32746g_discovery_lcd.c:1263:6:BSP_LCD_DisplayOn	8	static
stm32746g_discovery_lcd.c:1275:6:BSP_LCD_DisplayOff	8	static
stm32746g_discovery_lcd.c:1289:13:BSP_LCD_MspInit	72	static
stm32746g_discovery_lcd.c:1361:13:BSP_LCD_MspDeInit	40	static
stm32746g_discovery_lcd.c:1410:13:BSP_LCD_ClockConfig	16	static
stm32746g_discovery_lcd.c:1438:13:DrawChar	40	static
stm32746g_discovery_lcd.c:1497:13:FillTriangle	56	static
stm32746g_discovery_lcd.c:1575:13:LL_FillBuffer	32	static
stm32746g_discovery_lcd.c:1613:13:LL_ConvertLineToARGB8888	32	static
