hw_init.c:34:6:hw_init	8	static
hw_init.c:67:6:SystemClock_Config	216	static
hw_init.c:143:6:ADC3_Init	24	static
hw_init.c:176:7:CRC_Init	8	static
hw_init.c:191:7:DCMI_Init	8	static
hw_init.c:212:6:DMA_Init	4	static
hw_init.c:218:6:DMA2D_Init	8	static
hw_init.c:240:6:I2C1_Init	8	static
hw_init.c:268:6:I2C3_Init	8	static
hw_init.c:297:6:IWDG_Init	8	static
hw_init.c:311:6:LTDC_Init	64	static
hw_init.c:357:6:QUADSPI_Init	8	static
hw_init.c:376:6:RTC_Init	80	static
hw_init.c:446:6:SAI2_Init	8	static
hw_init.c:505:6:SDMMC1_SD_Init	4	static
hw_init.c:517:6:SPDIFRX_Init	8	static
hw_init.c:537:6:SPI2_Init	8	static
hw_init.c:560:6:TIM1_Init	112	static
hw_init.c:625:6:TIM2_Init	64	static
hw_init.c:668:6:TIM3_Init	64	static
hw_init.c:713:6:TIM5_Init	64	static
hw_init.c:756:6:TIM8_Init	40	static
hw_init.c:788:6:TIM12_Init	40	static
hw_init.c:815:6:USART1_UART_Init	8	static
hw_init.c:834:6:USART6_UART_Init	8	static
hw_init.c:853:6:FMC_Init	40	static
hw_init.c:886:6:GPIO_Init	72	static
