hw_init.c:34:6:hw_init	8	static
hw_init.c:68:6:SystemClock_Config	216	static
hw_init.c:144:6:ADC3_Init	24	static
hw_init.c:177:7:CRC_Init	8	static
hw_init.c:192:7:DCMI_Init	8	static
hw_init.c:213:6:DMA_Init	16	static
hw_init.c:224:6:DMA2D_Init	8	static
hw_init.c:246:6:I2C1_Init	8	static
hw_init.c:274:6:I2C3_Init	8	static
hw_init.c:303:6:IWDG_Init	8	static
hw_init.c:317:6:LTDC_Init	64	static
hw_init.c:363:6:QUADSPI_Init	8	static
hw_init.c:382:6:RTC_Init	80	static
hw_init.c:452:6:SAI2_Init	8	static
hw_init.c:511:6:SDMMC1_SD_Init	4	static
hw_init.c:523:6:SPDIFRX_Init	8	static
hw_init.c:543:6:SPI2_Init	8	static
hw_init.c:566:6:TIM1_Init	112	static
hw_init.c:631:6:TIM2_Init	64	static
hw_init.c:674:6:TIM3_Init	64	static
hw_init.c:719:6:TIM5_Init	64	static
hw_init.c:762:6:TIM8_Init	40	static
hw_init.c:794:6:TIM12_Init	40	static
hw_init.c:821:6:USART1_UART_Init	8	static
hw_init.c:840:6:USART6_UART_Init	8	static
hw_init.c:859:6:FMC_Init	40	static
hw_init.c:892:6:GPIO_Init	72	static
