stm32f7xx_hal_msp.c:67:6:HAL_MspInit	16	static
stm32f7xx_hal_msp.c:91:6:HAL_ADC_MspInit	48	static
stm32f7xx_hal_msp.c:136:6:HAL_ADC_MspDeInit	16	static
stm32f7xx_hal_msp.c:172:6:HAL_CRC_MspInit	24	static
stm32f7xx_hal_msp.c:194:6:HAL_CRC_MspDeInit	16	static
stm32f7xx_hal_msp.c:216:6:HAL_DCMI_MspInit	64	static
stm32f7xx_hal_msp.c:294:6:HAL_DCMI_MspDeInit	16	static
stm32f7xx_hal_msp.c:341:6:HAL_DMA2D_MspInit	24	static
stm32f7xx_hal_msp.c:366:6:HAL_DMA2D_MspDeInit	16	static
stm32f7xx_hal_msp.c:391:6:HAL_I2C_MspInit	56	static
stm32f7xx_hal_msp.c:451:6:HAL_I2C_MspDeInit	16	static
stm32f7xx_hal_msp.c:502:6:HAL_LTDC_MspInit	64	static
stm32f7xx_hal_msp.c:603:6:HAL_LTDC_MspDeInit	16	static
stm32f7xx_hal_msp.c:672:6:HAL_QSPI_MspInit	56	static
stm32f7xx_hal_msp.c:735:6:HAL_QSPI_MspDeInit	16	static
stm32f7xx_hal_msp.c:772:6:HAL_RTC_MspInit	16	static
stm32f7xx_hal_msp.c:794:6:HAL_RTC_MspDeInit	16	static
stm32f7xx_hal_msp.c:816:6:HAL_SD_MspInit	48	static
stm32f7xx_hal_msp.c:865:6:HAL_SD_MspDeInit	16	static
stm32f7xx_hal_msp.c:901:6:HAL_SPDIFRX_MspInit	48	static
stm32f7xx_hal_msp.c:936:6:HAL_SPDIFRX_MspDeInit	16	static
stm32f7xx_hal_msp.c:964:6:HAL_SPI_MspInit	48	static
stm32f7xx_hal_msp.c:1009:6:HAL_SPI_MspDeInit	16	static
stm32f7xx_hal_msp.c:1041:6:HAL_TIM_Base_MspInit	40	static
stm32f7xx_hal_msp.c:1122:6:HAL_TIM_PWM_MspInit	24	static
stm32f7xx_hal_msp.c:1138:6:HAL_TIM_MspPostInit	56	static
stm32f7xx_hal_msp.c:1253:6:HAL_TIM_Base_MspDeInit	16	static
stm32f7xx_hal_msp.c:1319:6:HAL_TIM_PWM_MspDeInit	16	static
stm32f7xx_hal_msp.c:1341:6:HAL_UART_MspInit	56	static
stm32f7xx_hal_msp.c:1409:6:HAL_UART_MspDeInit	16	static
stm32f7xx_hal_msp.c:1454:13:HAL_FMC_MspInit	32	static
stm32f7xx_hal_msp.c:1560:6:HAL_SDRAM_MspInit	16	static
stm32f7xx_hal_msp.c:1572:13:HAL_FMC_MspDeInit	8	static
stm32f7xx_hal_msp.c:1646:6:HAL_SDRAM_MspDeInit	16	static
stm32f7xx_hal_msp.c:1658:6:HAL_SAI_MspInit	48	static
stm32f7xx_hal_msp.c:1708:6:HAL_SAI_MspDeInit	16	static
