stm32f7xx_hal_msp.c:66:6:HAL_MspInit	16	static
stm32f7xx_hal_msp.c:90:6:HAL_ADC_MspInit	48	static
stm32f7xx_hal_msp.c:135:6:HAL_ADC_MspDeInit	16	static
stm32f7xx_hal_msp.c:171:6:HAL_CRC_MspInit	24	static
stm32f7xx_hal_msp.c:193:6:HAL_CRC_MspDeInit	16	static
stm32f7xx_hal_msp.c:215:6:HAL_DCMI_MspInit	64	static
stm32f7xx_hal_msp.c:293:6:HAL_DCMI_MspDeInit	16	static
stm32f7xx_hal_msp.c:340:6:HAL_DMA2D_MspInit	24	static
stm32f7xx_hal_msp.c:365:6:HAL_DMA2D_MspDeInit	16	static
stm32f7xx_hal_msp.c:390:6:HAL_I2C_MspInit	56	static
stm32f7xx_hal_msp.c:450:6:HAL_I2C_MspDeInit	16	static
stm32f7xx_hal_msp.c:501:6:HAL_LTDC_MspInit	64	static
stm32f7xx_hal_msp.c:602:6:HAL_LTDC_MspDeInit	16	static
stm32f7xx_hal_msp.c:671:6:HAL_QSPI_MspInit	56	static
stm32f7xx_hal_msp.c:734:6:HAL_QSPI_MspDeInit	16	static
stm32f7xx_hal_msp.c:771:6:HAL_RTC_MspInit	16	static
stm32f7xx_hal_msp.c:793:6:HAL_RTC_MspDeInit	16	static
stm32f7xx_hal_msp.c:815:6:HAL_SD_MspInit	48	static
stm32f7xx_hal_msp.c:864:6:HAL_SD_MspDeInit	16	static
stm32f7xx_hal_msp.c:900:6:HAL_SPDIFRX_MspInit	48	static
stm32f7xx_hal_msp.c:935:6:HAL_SPDIFRX_MspDeInit	16	static
stm32f7xx_hal_msp.c:963:6:HAL_SPI_MspInit	48	static
stm32f7xx_hal_msp.c:1008:6:HAL_SPI_MspDeInit	16	static
stm32f7xx_hal_msp.c:1040:6:HAL_TIM_Base_MspInit	40	static
stm32f7xx_hal_msp.c:1106:6:HAL_TIM_PWM_MspInit	24	static
stm32f7xx_hal_msp.c:1122:6:HAL_TIM_MspPostInit	56	static
stm32f7xx_hal_msp.c:1237:6:HAL_TIM_Base_MspDeInit	16	static
stm32f7xx_hal_msp.c:1303:6:HAL_TIM_PWM_MspDeInit	16	static
stm32f7xx_hal_msp.c:1325:6:HAL_UART_MspInit	56	static
stm32f7xx_hal_msp.c:1393:6:HAL_UART_MspDeInit	16	static
stm32f7xx_hal_msp.c:1438:13:HAL_FMC_MspInit	32	static
stm32f7xx_hal_msp.c:1544:6:HAL_SDRAM_MspInit	16	static
stm32f7xx_hal_msp.c:1556:13:HAL_FMC_MspDeInit	8	static
stm32f7xx_hal_msp.c:1630:6:HAL_SDRAM_MspDeInit	16	static
stm32f7xx_hal_msp.c:1642:6:HAL_SAI_MspInit	48	static
stm32f7xx_hal_msp.c:1692:6:HAL_SAI_MspDeInit	16	static
